2025-08-25 16:22:01,013 INFO o.a.j.u.JMeterUtils: Setting Locale to en_EN
2025-08-25 16:22:01,022 INFO o.a.j.JMeter: Loading user properties from: /opt/homebrew/Cellar/jmeter/5.6.3/libexec/bin/user.properties
2025-08-25 16:22:01,022 INFO o.a.j.JMeter: Loading system properties from: /opt/homebrew/Cellar/jmeter/5.6.3/libexec/bin/system.properties
2025-08-25 16:22:01,024 INFO o.a.j.JMeter: Copyright (c) 1998-2024 The Apache Software Foundation
2025-08-25 16:22:01,024 INFO o.a.j.JMeter: Version 5.6.3
2025-08-25 16:22:01,024 INFO o.a.j.JMeter: java.version=21.0.6
2025-08-25 16:22:01,024 INFO o.a.j.JMeter: java.vm.name=OpenJDK 64-Bit Server VM
2025-08-25 16:22:01,024 INFO o.a.j.JMeter: os.name=Mac OS X
2025-08-25 16:22:01,024 INFO o.a.j.JMeter: os.arch=aarch64
2025-08-25 16:22:01,024 INFO o.a.j.JMeter: os.version=15.6
2025-08-25 16:22:01,024 INFO o.a.j.JMeter: file.encoding=UTF-8
2025-08-25 16:22:01,024 INFO o.a.j.JMeter: java.awt.headless=null
2025-08-25 16:22:01,024 INFO o.a.j.JMeter: Max memory     =1073741824
2025-08-25 16:22:01,024 INFO o.a.j.JMeter: Available Processors =24
2025-08-25 16:22:01,029 INFO o.a.j.JMeter: Default Locale=English (EN)
2025-08-25 16:22:01,029 INFO o.a.j.JMeter: JMeter  Locale=English (EN)
2025-08-25 16:22:01,029 INFO o.a.j.JMeter: JMeterHome=/opt/homebrew/Cellar/jmeter/5.6.3/libexec
2025-08-25 16:22:01,029 INFO o.a.j.JMeter: user.dir  =/Users/andrewabanshin/IdeaProjects/SmartFacilityManagement/jmeter
2025-08-25 16:22:01,029 INFO o.a.j.JMeter: PWD       =/Users/andrewabanshin/IdeaProjects/SmartFacilityManagement/jmeter
2025-08-25 16:22:01,658 INFO o.a.j.JMeter: IP: 192.168.1.125 Name: MacStudio-Andrew.local FullName: 192.168.1.125
2025-08-25 16:22:01,667 INFO o.a.j.JMeter: Loaded icon properties from org/apache/jmeter/images/icon.properties
2025-08-25 16:22:01,890 INFO o.a.j.JMeterGuiLauncher: Setting LAF to: com.github.weisj.darklaf.DarkLaf:com.github.weisj.darklaf.theme.DarculaTheme
2025-08-25 16:22:02,701 INFO o.a.j.r.ClassFinder: Will scan jar /opt/homebrew/Cellar/jmeter/5.6.3/libexec/lib/ext/jmeter-plugins-manager-1.9.jar with filter ExtendsClassFilter [parents=[interface org.apache.jmeter.gui.action.Command], inner=false, contains=null, notContains=null]. Consider exposing JMeter plugins via META-INF/services, and add JMeter-Skip-Class-Scanning=true manifest attribute so JMeter can skip classfile scanning
2025-08-25 16:22:02,808 INFO o.a.j.r.ClassFinder: Will scan jar /opt/homebrew/Cellar/jmeter/5.6.3/libexec/lib/ext/jmeter-plugins-manager-1.9.jar with filter ExtendsClassFilter [parents=[interface org.apache.jmeter.gui.plugin.MenuCreator], inner=false, contains=null, notContains=null]. Consider exposing JMeter plugins via META-INF/services, and add JMeter-Skip-Class-Scanning=true manifest attribute so JMeter can skip classfile scanning
2025-08-25 16:22:02,875 INFO o.j.r.JARSourceHTTP: Found cached repo
2025-08-25 16:22:02,950 INFO o.j.r.PluginManager: Plugins Status: [jpgc-plugins-manager=1.9, jmeter-core=5.6.3, jmeter-ftp=5.6.3, jmeter-http=5.6.3, jmeter-jdbc=5.6.3, jmeter-jms=5.6.3, jmeter-junit=5.6.3, jmeter-java=5.6.3, jmeter-ldap=5.6.3, jmeter-mail=5.6.3, jmeter-mongodb=5.6.3, jmeter-native=5.6.3, jmeter-tcp=5.6.3, jmeter-components=5.6.3]
2025-08-25 16:22:02,950 INFO o.j.r.PluginManagerMenuItem: Plugins Manager has upgrades: [jpgc-plugins-manager]
2025-08-25 16:22:13,191 INFO o.a.j.s.FileServer: Default base='/Users/andrewabanshin/IdeaProjects/SmartFacilityManagement/jmeter'
2025-08-25 16:22:13,192 INFO o.a.j.g.a.Load: Loading file: /Users/andrewabanshin/IdeaProjects/SmartFacilityManagement/jmeter/logs/script.jmx
2025-08-25 16:22:13,193 INFO o.a.j.s.FileServer: Set new base='/Users/andrewabanshin/IdeaProjects/SmartFacilityManagement/jmeter/logs'
2025-08-25 16:22:13,277 INFO o.a.j.s.SaveService: Testplan (JMX) version: 2.2. Testlog (JTL) version: 2.2
2025-08-25 16:22:13,281 INFO o.a.j.s.SaveService: Using SaveService properties version 5.0
2025-08-25 16:22:13,282 INFO o.a.j.s.SaveService: Using SaveService properties file encoding UTF-8
2025-08-25 16:22:13,283 INFO o.a.j.s.SaveService: Loading file: /Users/andrewabanshin/IdeaProjects/SmartFacilityManagement/jmeter/logs/script.jmx
2025-08-25 16:22:13,318 INFO o.a.j.p.h.s.HTTPSamplerBase: Parser for text/html is org.apache.jmeter.protocol.http.parser.LagartoBasedHtmlParser
2025-08-25 16:22:13,318 INFO o.a.j.p.h.s.HTTPSamplerBase: Parser for application/xhtml+xml is org.apache.jmeter.protocol.http.parser.LagartoBasedHtmlParser
2025-08-25 16:22:13,318 INFO o.a.j.p.h.s.HTTPSamplerBase: Parser for application/xml is org.apache.jmeter.protocol.http.parser.LagartoBasedHtmlParser
2025-08-25 16:22:13,318 INFO o.a.j.p.h.s.HTTPSamplerBase: Parser for text/xml is org.apache.jmeter.protocol.http.parser.LagartoBasedHtmlParser
2025-08-25 16:22:13,318 INFO o.a.j.p.h.s.HTTPSamplerBase: Parser for text/vnd.wap.wml is org.apache.jmeter.protocol.http.parser.RegexpHTMLParser
2025-08-25 16:22:13,318 INFO o.a.j.p.h.s.HTTPSamplerBase: Parser for text/css is org.apache.jmeter.protocol.http.parser.CssParser
2025-08-25 16:22:13,409 INFO o.a.j.s.FileServer: Set new base='/Users/andrewabanshin/IdeaProjects/SmartFacilityManagement/jmeter/logs'
2025-08-25 16:22:31,180 INFO o.a.j.e.StandardJMeterEngine: Running the test!
2025-08-25 16:22:31,180 INFO o.a.j.s.SampleEvent: List of sample_variables: []
2025-08-25 16:22:31,180 INFO o.a.j.s.SampleEvent: List of sample_variables: []
2025-08-25 16:22:31,180 INFO o.a.j.e.u.CompoundVariable: Note: Function class names must contain the string: '.functions.'
2025-08-25 16:22:31,180 INFO o.a.j.e.u.CompoundVariable: Note: Function class names must not contain the string: '.gui.'
2025-08-25 16:22:31,206 INFO o.a.j.r.ClassFinder: Will scan jar /opt/homebrew/Cellar/jmeter/5.6.3/libexec/lib/ext/jmeter-plugins-manager-1.9.jar with filter ExtendsClassFilter [parents=[interface org.apache.jmeter.functions.Function], inner=false, contains=null, notContains=null]. Consider exposing JMeter plugins via META-INF/services, and add JMeter-Skip-Class-Scanning=true manifest attribute so JMeter can skip classfile scanning
2025-08-25 16:22:31,213 INFO o.a.j.g.u.JMeterMenuBar: setRunning(true, *local*)
2025-08-25 16:22:31,236 INFO o.a.j.e.StandardJMeterEngine: Starting ThreadGroup: 1 : createUser
2025-08-25 16:22:31,236 INFO o.a.j.e.StandardJMeterEngine: Starting 10 threads for group createUser.
2025-08-25 16:22:31,236 INFO o.a.j.e.StandardJMeterEngine: Thread will continue on error
2025-08-25 16:22:31,236 INFO o.a.j.t.ThreadGroup: Starting thread group... number=1 threads=10 ramp-up=1 delayedStart=false
2025-08-25 16:22:31,238 INFO o.a.j.t.JMeterThread: Thread started: createUser 1-1
2025-08-25 16:22:31,239 INFO o.a.j.t.ThreadGroup: Started thread group number 1
2025-08-25 16:22:31,239 INFO o.a.j.e.StandardJMeterEngine: All thread groups have been started
2025-08-25 16:22:31,242 INFO o.a.j.p.h.s.HTTPHCAbstractImpl: Local host = MacStudio-Andrew.local
2025-08-25 16:22:31,245 INFO o.a.j.p.h.s.HTTPHC4Impl: HTTP request retry count = 0
2025-08-25 16:22:31,245 INFO o.a.j.s.SampleResult: Note: Sample TimeStamps are START times
2025-08-25 16:22:31,245 INFO o.a.j.s.SampleResult: sampleresult.default.encoding is set to UTF-8
2025-08-25 16:22:31,245 INFO o.a.j.s.SampleResult: sampleresult.useNanoTime=true
2025-08-25 16:22:31,245 INFO o.a.j.s.SampleResult: sampleresult.nanoThreadSleep=5000
2025-08-25 16:22:31,340 INFO o.a.j.t.JMeterThread: Thread started: createUser 1-2
2025-08-25 16:22:31,438 INFO o.a.j.t.JMeterThread: Thread started: createUser 1-3
2025-08-25 16:22:31,537 INFO o.a.j.t.JMeterThread: Thread started: createUser 1-4
2025-08-25 16:22:31,637 INFO o.a.j.t.JMeterThread: Thread started: createUser 1-5
2025-08-25 16:22:31,737 INFO o.a.j.t.JMeterThread: Thread started: createUser 1-6
2025-08-25 16:22:31,842 INFO o.a.j.t.JMeterThread: Thread started: createUser 1-7
2025-08-25 16:22:31,937 INFO o.a.j.t.JMeterThread: Thread started: createUser 1-8
2025-08-25 16:22:32,041 INFO o.a.j.t.JMeterThread: Thread started: createUser 1-9
2025-08-25 16:22:32,141 INFO o.a.j.t.JMeterThread: Thread started: createUser 1-10
2025-08-25 16:24:28,771 INFO o.a.j.g.a.Start: Stopping test
2025-08-25 16:24:28,788 INFO o.a.j.t.JMeterThread: Stopping: createUser 1-10
2025-08-25 16:24:28,788 WARN o.a.j.t.JMeterThread: Interrupting: createUser 1-10 sampler: HTTP Request
2025-08-25 16:24:28,789 INFO o.a.j.t.JMeterThread: Stopping: createUser 1-6
2025-08-25 16:24:28,789 WARN o.a.j.t.JMeterThread: Interrupting: createUser 1-6 sampler: HTTP Request
2025-08-25 16:24:28,789 INFO o.a.j.t.JMeterThread: Stopping: createUser 1-4
2025-08-25 16:24:28,790 WARN o.a.j.t.JMeterThread: Interrupting: createUser 1-4 sampler: HTTP Request
2025-08-25 16:24:28,790 INFO o.a.j.t.JMeterThread: Stopping: createUser 1-7
2025-08-25 16:24:28,790 WARN o.a.j.t.JMeterThread: Interrupting: createUser 1-7 sampler: HTTP Request
2025-08-25 16:24:28,791 INFO o.a.j.t.JMeterThread: Thread finished: createUser 1-6
2025-08-25 16:24:28,791 INFO o.a.j.t.JMeterThread: Thread finished: createUser 1-10
2025-08-25 16:24:28,791 INFO o.a.j.t.JMeterThread: Stopping: createUser 1-9
2025-08-25 16:24:28,791 INFO o.a.j.t.JMeterThread: Thread finished: createUser 1-4
2025-08-25 16:24:28,791 WARN o.a.j.t.JMeterThread: Interrupting: createUser 1-9 sampler: HTTP Request
2025-08-25 16:24:28,792 INFO o.a.j.t.JMeterThread: Thread finished: createUser 1-7
2025-08-25 16:24:28,792 INFO o.a.j.t.JMeterThread: Stopping: createUser 1-1
2025-08-25 16:24:28,792 WARN o.a.j.t.JMeterThread: Interrupting: createUser 1-1 sampler: HTTP Request
2025-08-25 16:24:28,792 INFO o.a.j.t.JMeterThread: Stopping: createUser 1-3
2025-08-25 16:24:28,792 WARN o.a.j.t.JMeterThread: Interrupting: createUser 1-3 sampler: HTTP Request
2025-08-25 16:24:28,792 INFO o.a.j.t.JMeterThread: Thread finished: createUser 1-9
2025-08-25 16:24:28,792 INFO o.a.j.t.JMeterThread: Thread finished: createUser 1-1
2025-08-25 16:24:28,793 INFO o.a.j.t.JMeterThread: Stopping: createUser 1-5
2025-08-25 16:24:28,793 WARN o.a.j.t.JMeterThread: Interrupting: createUser 1-5 sampler: HTTP Request
2025-08-25 16:24:28,793 INFO o.a.j.t.JMeterThread: Stopping: createUser 1-8
2025-08-25 16:24:28,793 INFO o.a.j.t.JMeterThread: Thread finished: createUser 1-3
2025-08-25 16:24:28,793 WARN o.a.j.t.JMeterThread: Interrupting: createUser 1-8 sampler: HTTP Request
2025-08-25 16:24:28,793 INFO o.a.j.t.JMeterThread: Stopping: createUser 1-2
2025-08-25 16:24:28,793 WARN o.a.j.t.JMeterThread: Interrupting: createUser 1-2 sampler: HTTP Request
2025-08-25 16:24:28,793 INFO o.a.j.t.JMeterThread: Thread finished: createUser 1-5
2025-08-25 16:24:28,793 INFO o.a.j.t.JMeterThread: Thread finished: createUser 1-2
2025-08-25 16:24:28,794 INFO o.a.j.t.JMeterThread: Thread finished: createUser 1-8
2025-08-25 16:24:28,794 INFO o.a.j.e.StandardJMeterEngine: Notifying test listeners of end of test
2025-08-25 16:24:28,794 INFO o.a.j.g.u.JMeterMenuBar: setRunning(false, *local*)
